// Jest Snapshot v1, https://goo.gl/fbAQLP

exports[`MyPlantsPage component Test render my plants page component snapshot  1`] = `
<View
  pointerEvents="box-none"
  style={
    Object {
      "flex": 1,
    }
  }
>
  <View
    collapsable={true}
    pointerEvents="box-none"
    style={
      Object {
        "flex": 1,
      }
    }
  >
    <View>
      <View
        style={
          Object {
            "alignItems": "center",
            "flex": 1,
            "justifyContent": "center",
          }
        }
      >
        <Modal
          animationType="slide"
          hardwareAccelerated={false}
          transparent={true}
          visible={false}
        >
          <View
            style={
              Object {
                "alignItems": "center",
                "flex": 1,
                "justifyContent": "center",
              }
            }
          >
            <View
              style={
                Object {
                  "alignItems": "center",
                  "backgroundColor": "white",
                  "borderColor": "black",
                  "borderRadius": 20,
                  "borderWidth": 1,
                  "elevation": 5,
                  "margin": 20,
                  "padding": 35,
                  "shadowColor": "#000",
                  "shadowOffset": Object {
                    "height": 2,
                    "width": 0,
                  },
                  "shadowOpacity": 0.25,
                  "shadowRadius": 3.84,
                }
              }
            >
              <Text
                style={
                  Object {
                    "fontFamily": "Comfortaa_600SemiBold",
                    "marginBottom": 15,
                    "textAlign": "center",
                  }
                }
              >
                Are you sure you want to remove 
                 from your garden?
              </Text>
              <View
                style={
                  Object {
                    "flexDirection": "row",
                    "marginTop": 5,
                  }
                }
              >
                <TouchableHighlight
                  activeOpacity={0.85}
                  delayPressOut={100}
                  underlayColor="black"
                >
                  <Text
                    style={
                      Array [
                        Object {
                          "fontFamily": "Comfortaa_600SemiBold",
                          "marginBottom": 15,
                          "textAlign": "center",
                        },
                        Object {
                          "color": "#2e7d32",
                        },
                      ]
                    }
                  >
                    Yes
                  </Text>
                </TouchableHighlight>
                <TouchableHighlight
                  activeOpacity={0.85}
                  delayPressOut={100}
                  underlayColor="black"
                >
                  <Text
                    style={
                      Array [
                        Object {
                          "fontFamily": "Comfortaa_600SemiBold",
                          "marginBottom": 15,
                          "textAlign": "center",
                        },
                        Object {
                          "color": "#c62828",
                          "marginLeft": 100,
                        },
                      ]
                    }
                  >
                    No
                  </Text>
                </TouchableHighlight>
              </View>
            </View>
          </View>
        </Modal>
      </View>
      <View
        ListEmptyComponent={
          <Styled(Text)
            style={
              Array [
                Object {
                  "fontFamily": "Comfortaa_600SemiBold",
                },
                Object {
                  "fontSize": 22,
                  "paddingTop": "20%",
                  "textAlign": "center",
                },
              ]
            }
          >
            You dont have plants yet ü§∑‚Äç‚ôÇÔ∏è
          </Styled(Text)>
        }
        style={Object {}}
      />
    </View>
  </View>
</View>
`;
